// Jest Snapshot v1, https://goo.gl/fbAQLP

exports[`PersonItem should render correctly 1`] = `
<div>
  <div
    class="v-list-item theme--light"
    tabindex="-1"
  >
    <div
      class="v-list-item__content"
    >
      <div
        class="v-list-item__title"
      >
        
        Raju Gandhi
      
      </div>
    </div>
     
    <div
      class="flex-grow-1"
    />
     
    <button
      class="v-btn v-btn--flat v-btn--icon v-btn--round theme--light v-size--default"
      type="button"
    >
      <span
        class="v-btn__content"
      >
        <i
          aria-hidden="true"
          class="v-icon notranslate edit mdi mdi-pencil theme--light"
        />
      </span>
    </button>
     
    <button
      class="v-btn v-btn--flat v-btn--icon v-btn--round theme--light v-size--default"
      type="button"
    >
      <span
        class="v-btn__content"
      >
        <i
          aria-hidden="true"
          class="v-icon notranslate fav mdi mdi-heart theme--light red--text"
        />
      </span>
    </button>
  </div>
   
  <!---->
</div>
`;
